12:51:36 | Date: 2026-10-02 12:51:36
12:51:36 | User: runner, Host: runnervm8df0l, CWD: /home/runner/work/per_country/per_country
12:51:36 | Starting sync operation
12:51:36 | Partition AE/2026-09: 1 -> 2 files (3.1 MB)
12:51:36 | Partition BE/2026-10: 29 -> 1 files (0.0 MB)
12:51:36 | Partition FR/2026-10: 1026 -> 1 files (0.1 MB)
12:51:36 | Partition NL/2026-10: 2 -> 1 files (0.0 MB)
12:51:36 | Partition NO/2026-10: 49 -> 1 files (0.0 MB)
12:51:36 | Partition plan: 3088 buckets from previous extracts, 5 rescaled
12:51:39 | Deleted 12086 XML files from extracts/
12:51:39 | download_xml: https://directory.peppol.eu/export/businesscards
12:51:40 | download_xml: HTTP 200, Content-Encoding: gzip
12:52:20 | download_xml: 17299 MB downloaded in 41s at 425 MB/s
12:52:21 | Starting text processing: tmp/directory-export-business-cards.xml with 3 worker(s)
12:52:28 | Partition SE/2026-10: new bucket, 1 files
12:52:34 | Partition ES/2026-10: new bucket, 1 files
12:52:47 | Partition CH/2026-10: new bucket, 1 files
12:52:47 | Partition EE/2026-10: new bucket, 1 files
12:52:57 | Partition IS/2026-10: new bucket, 1 files
12:53:29 | Partition US/2026-10: new bucket, 1 files
12:53:29 | Partition IT/2026-10: new bucket, 1 files
12:53:30 | Partition FI/2026-10: new bucket, 1 files
12:55:31 | Partition HK/2026-10: new bucket, 1 files
12:56:07 | Partition AE/2026-10: new bucket, 2 files
12:56:07 | Partition SK/2026-10: new bucket, 1 files
12:56:07 | Partition OM/2026-10: new bucket, 1 files
12:56:07 | Partition AT/2026-10: new bucket, 1 files
12:56:07 | Partition GB/2026-10: new bucket, 1 files
12:56:32 | Partition LT/2026-10: new bucket, 1 files
12:56:33 | Partition LU/2026-10: new bucket, 1 files
12:56:33 | Partition LV/2026-10: new bucket, 1 files
12:56:34 | Partition PL/2026-10: new bucket, 1 files
12:56:34 | Partition PT/2026-10: new bucket, 1 files
12:56:40 | Processed 8,958,919 business cards in 260s: 34517 cards/sec
12:56:40 | Countries found: 124
12:56:40 | Output files created: 12041
12:56:41 | Report generated at docs/report.md
